// Jest Snapshot v1, https://goo.gl/fbAQLP

exports[`Description Item renders the description item correctly 1`] = `
<div>
  <div
    class="flex md:gap-5 gap-1 max-md:flex-wrap"
  >
    <p
      class="font-bold text-sm capitalize"
    >
      Location
      :
    </p>
    <p
      class="font-medium text-sm"
    >
      Staples Center, Los Angeles, CA, US
    </p>
  </div>
</div>
`;
